mkdir -p build/release
cmake -G "Ninja" -DFORCE_COLORED_OUTPUT=1 -DEXTENSION_STATIC_BUILD=1  -DDUCKDB_EXTENSION_CONFIGS='/Users/danielprovder/Music/rekordbox-duck/ext-rekordbox/extension_config.cmake'   -DOSX_BUILD_ARCH=   -DDUCKDB_EXPLICIT_PLATFORM='' -DCUSTOM_LINKER= -DOVERRIDE_GIT_DESCRIBE="" -DUNITTEST_ROOT_DIRECTORY="/Users/danielprovder/Music/rekordbox-duck/ext-rekordbox/" -DBENCHMARK_ROOT_DIRECTORY="/Users/danielprovder/Music/rekordbox-duck/ext-rekordbox/" -DENABLE_UNITTEST_CPP_TESTS=FALSE -DENABLE_EXTENSION_AUTOLOADING=0 -DENABLE_EXTENSION_AUTOINSTALL=0 -DBUILD_EXTENSION_TEST_DEPS=default   -DCMAKE_BUILD_TYPE=Release -S ./duckdb -B build/release
CMake Warning at CMakeLists.txt:331 (message):
  Not disabling vptr sanitizer on M1 Macbook - set DISABLE_VPTR_SANITIZER
  manually if you run into issues with false positives in the sanitizer


fatal: No names found, cannot describe anything.
CMake Warning at CMakeLists.txt:479 (message):
  git is available (at /usr/bin/git) but has failed to execute 'describe
  --tags --long', likely due to shallow clone.  Consider providing explicit
  OVERRIDE_GIT_DESCRIBE or clone with tags.  Continuing with dummy version
  v0.0.1


-- GIT_COMMIT_HASH has length 7 different than the expected 10
-- git hash a81547b, version v0.0.1, extension folder v0.0.1
-- Build workers: compile= link_release=4 link_non_release=2
-- Extensions will be deployed to: /Users/danielprovder/Music/rekordbox-duck/ext-rekordbox/build/release/repository
-- Load extension 'rekordbox' from '/Users/danielprovder/Music/rekordbox-duck/ext-rekordbox' @ 7351e27
-- Load extension 'core_functions' from '/Users/danielprovder/Music/rekordbox-duck/ext-rekordbox/duckdb/extensions' @ v0.0.1
-- Load extension 'parquet' from '/Users/danielprovder/Music/rekordbox-duck/ext-rekordbox/duckdb/extensions' @ v0.0.1
CMake Warning at extension/extension_build_tools.cmake:652 (message):
  Extension 'rekordbox' has a vcpkg.json, but build was not run with VCPKG.
  If build fails, check out VCPKG build instructions in
  'duckdb/extension/README.md' or try manually installing the dependencies in
  /Users/danielprovder/Music/rekordbox-duck/ext-rekordbox/vcpkg.json
Call Stack (most recent call first):
  CMakeLists.txt:931 (include)


-- Extensions linked into DuckDB: [rekordbox, core_functions, parquet]
-- Tests loaded for extensions: [rekordbox]
-- Configuring done (1.2s)
-- Generating done (0.2s)
-- Build files have been written to: /Users/danielprovder/Music/rekordbox-duck/ext-rekordbox/build/release
cmake --build build/release --config Release
[1/16] Updating .cache/clangd (release)
[2/16] Building CXX object extension/rekordbox/CMakeFiles/rekordbox_extension.dir/src/audio_decode.cpp.o
[3/16] Building CXX object extension/rekordbox/CMakeFiles/rekordbox_loadable_extension.dir/src/audio_decode.cpp.o
[4/16] Building CXX object extension/rekordbox/CMakeFiles/rekordbox_extension.dir/src/pdb_writer.cpp.o
[5/16] Building CXX object extension/rekordbox/CMakeFiles/rekordbox_loadable_extension.dir/src/pdb_writer.cpp.o
[6/16] Building CXX object extension/rekordbox/CMakeFiles/rekordbox_extension.dir/src/rekordbox_extension.cpp.o
[7/16] Building CXX object extension/rekordbox/CMakeFiles/rekordbox_loadable_extension.dir/src/rekordbox_extension.cpp.o
[8/16] Building CXX object extension/rekordbox/CMakeFiles/rekordbox_extension.dir/src/analysis.cpp.o
[9/16] Building CXX object extension/rekordbox/CMakeFiles/rekordbox_loadable_extension.dir/src/analysis.cpp.o
[10/16] Linking CXX static library extension/rekordbox/librekordbox_extension.a
[11/16] Linking CXX shared library extension/rekordbox/rekordbox.duckdb_extension
[12/16] Linking CXX executable duckdb
ld: warning: ignoring duplicate libraries: 'src/libduckdb_static.a'
[13/16] Linking CXX executable tools/plan_serializer
ld: warning: ignoring duplicate libraries: 'src/libduckdb_static.a'
[14/16] Linking CXX shared library src/libduckdb.dylib
[15/16] Linking CXX executable test/unittest
[16/16] repository
